exports[`plugin menu test > plugin menu > should render horizontal plugin menu #0`] =
{
  "ID": "ccacf3d7-8a0d-427a-bfd1-bf815582f48a",
  "blocks": [
    {
      "data": {},
      "depth": 0,
      "entityRanges": [],
      "inlineStyleRanges": [],
      "key": 0,
      "text": "",
      "type": "unstyled"
    },
    {
      "data": {},
      "depth": 0,
      "entityRanges": [],
      "inlineStyleRanges": [],
      "key": 1,
      "text": "",
      "type": "unstyled"
    },
    {
      "data": {},
      "depth": 0,
      "entityRanges": [],
      "inlineStyleRanges": [],
      "key": 2,
      "text": "",
      "type": "unstyled"
    },
    {
      "data": {},
      "depth": 0,
      "entityRanges": [],
      "inlineStyleRanges": [],
      "key": 3,
      "text": "",
      "type": "unstyled"
    },
    {
      "data": {},
      "depth": 0,
      "entityRanges": [],
      "inlineStyleRanges": [],
      "key": 4,
      "text": "",
      "type": "unstyled"
    },
    {
      "data": {},
      "depth": 0,
      "entityRanges": [],
      "inlineStyleRanges": [],
      "key": 5,
      "text": "",
      "type": "unstyled"
    },
    {
      "data": {},
      "depth": 0,
      "entityRanges": [],
      "inlineStyleRanges": [],
      "key": 6,
      "text": "",
      "type": "unstyled"
    },
    {
      "data": {},
      "depth": 0,
      "entityRanges": [],
      "inlineStyleRanges": [],
      "key": 7,
      "text": "",
      "type": "unstyled"
    },
    {
      "data": {},
      "depth": 0,
      "entityRanges": [],
      "inlineStyleRanges": [],
      "key": 8,
      "text": "",
      "type": "unstyled"
    },
    {
      "data": {},
      "depth": 0,
      "entityRanges": [],
      "inlineStyleRanges": [],
      "key": 9,
      "text": "",
      "type": "unstyled"
    },
    {
      "data": {},
      "depth": 0,
      "entityRanges": [],
      "inlineStyleRanges": [],
      "key": 10,
      "text": "",
      "type": "unstyled"
    },
    {
      "data": {},
      "depth": 0,
      "entityRanges": [],
      "inlineStyleRanges": [],
      "key": 11,
      "text": "",
      "type": "unstyled"
    },
    {
      "data": {},
      "depth": 0,
      "entityRanges": [],
      "inlineStyleRanges": [],
      "key": 12,
      "text": "",
      "type": "unstyled"
    },
    {
      "data": {},
      "depth": 0,
      "entityRanges": [],
      "inlineStyleRanges": [],
      "key": 13,
      "text": "",
      "type": "unstyled"
    },
    {
      "data": {},
      "depth": 0,
      "entityRanges": [],
      "inlineStyleRanges": [],
      "key": 14,
      "text": "",
      "type": "unstyled"
    },
    {
      "data": {},
      "depth": 0,
      "entityRanges": [],
      "inlineStyleRanges": [],
      "key": 15,
      "text": "",
      "type": "unstyled"
    },
    {
      "data": {},
      "depth": 0,
      "entityRanges": [],
      "inlineStyleRanges": [],
      "key": 16,
      "text": "",
      "type": "unstyled"
    },
    {
      "data": {},
      "depth": 0,
      "entityRanges": [],
      "inlineStyleRanges": [],
      "key": 17,
      "text": "",
      "type": "unstyled"
    }
  ],
  "documentStyle": {},
  "entityMap": {}
};

exports[`plugin menu test > plugin menu > should render plugin menu #0`] =
{
  "ID": "45e23499-abe2-4e1f-8c58-d895c2ce863c",
  "blocks": [
    {
      "data": {},
      "depth": 0,
      "entityRanges": [],
      "inlineStyleRanges": [],
      "key": 0,
      "text": "",
      "type": "unstyled"
    },
    {
      "data": {},
      "depth": 0,
      "entityRanges": [],
      "inlineStyleRanges": [],
      "key": 1,
      "text": "",
      "type": "unstyled"
    },
    {
      "data": {},
      "depth": 0,
      "entityRanges": [],
      "inlineStyleRanges": [],
      "key": 2,
      "text": "",
      "type": "unstyled"
    },
    {
      "data": {},
      "depth": 0,
      "entityRanges": [],
      "inlineStyleRanges": [],
      "key": 3,
      "text": "",
      "type": "unstyled"
    },
    {
      "data": {},
      "depth": 0,
      "entityRanges": [],
      "inlineStyleRanges": [],
      "key": 4,
      "text": "",
      "type": "unstyled"
    },
    {
      "data": {},
      "depth": 0,
      "entityRanges": [],
      "inlineStyleRanges": [],
      "key": 5,
      "text": "",
      "type": "unstyled"
    },
    {
      "data": {},
      "depth": 0,
      "entityRanges": [],
      "inlineStyleRanges": [],
      "key": 6,
      "text": "",
      "type": "unstyled"
    },
    {
      "data": {},
      "depth": 0,
      "entityRanges": [],
      "inlineStyleRanges": [],
      "key": 7,
      "text": "",
      "type": "unstyled"
    },
    {
      "data": {},
      "depth": 0,
      "entityRanges": [],
      "inlineStyleRanges": [],
      "key": 8,
      "text": "",
      "type": "unstyled"
    },
    {
      "data": {},
      "depth": 0,
      "entityRanges": [],
      "inlineStyleRanges": [],
      "key": 9,
      "text": "",
      "type": "unstyled"
    },
    {
      "data": {},
      "depth": 0,
      "entityRanges": [],
      "inlineStyleRanges": [],
      "key": 10,
      "text": "",
      "type": "unstyled"
    },
    {
      "data": {},
      "depth": 0,
      "entityRanges": [],
      "inlineStyleRanges": [],
      "key": 11,
      "text": "",
      "type": "unstyled"
    },
    {
      "data": {},
      "depth": 0,
      "entityRanges": [],
      "inlineStyleRanges": [],
      "key": 12,
      "text": "",
      "type": "unstyled"
    },
    {
      "data": {},
      "depth": 0,
      "entityRanges": [],
      "inlineStyleRanges": [],
      "key": 13,
      "text": "",
      "type": "unstyled"
    },
    {
      "data": {},
      "depth": 0,
      "entityRanges": [],
      "inlineStyleRanges": [],
      "key": 14,
      "text": "",
      "type": "unstyled"
    },
    {
      "data": {},
      "depth": 0,
      "entityRanges": [],
      "inlineStyleRanges": [],
      "key": 15,
      "text": "",
      "type": "unstyled"
    },
    {
      "data": {},
      "depth": 0,
      "entityRanges": [],
      "inlineStyleRanges": [],
      "key": 16,
      "text": "",
      "type": "unstyled"
    },
    {
      "data": {},
      "depth": 0,
      "entityRanges": [],
      "inlineStyleRanges": [],
      "key": 17,
      "text": "",
      "type": "unstyled"
    }
  ],
  "documentStyle": {},
  "entityMap": {}
};

exports[`plugin menu test > plugin menu > should render plugin menu with search #0`] =
{
  "ID": "708816a7-2867-48e6-825b-d472e4c11995",
  "blocks": [
    {
      "data": {},
      "depth": 0,
      "entityRanges": [],
      "inlineStyleRanges": [],
      "key": 0,
      "text": "",
      "type": "unstyled"
    },
    {
      "data": {},
      "depth": 0,
      "entityRanges": [],
      "inlineStyleRanges": [],
      "key": 1,
      "text": "",
      "type": "unstyled"
    },
    {
      "data": {},
      "depth": 0,
      "entityRanges": [],
      "inlineStyleRanges": [],
      "key": 2,
      "text": "",
      "type": "unstyled"
    },
    {
      "data": {},
      "depth": 0,
      "entityRanges": [],
      "inlineStyleRanges": [],
      "key": 3,
      "text": "",
      "type": "unstyled"
    },
    {
      "data": {},
      "depth": 0,
      "entityRanges": [],
      "inlineStyleRanges": [],
      "key": 4,
      "text": "",
      "type": "unstyled"
    },
    {
      "data": {},
      "depth": 0,
      "entityRanges": [],
      "inlineStyleRanges": [],
      "key": 5,
      "text": "",
      "type": "unstyled"
    },
    {
      "data": {},
      "depth": 0,
      "entityRanges": [],
      "inlineStyleRanges": [],
      "key": 6,
      "text": "",
      "type": "unstyled"
    },
    {
      "data": {},
      "depth": 0,
      "entityRanges": [],
      "inlineStyleRanges": [],
      "key": 7,
      "text": "",
      "type": "unstyled"
    },
    {
      "data": {},
      "depth": 0,
      "entityRanges": [],
      "inlineStyleRanges": [],
      "key": 8,
      "text": "",
      "type": "unstyled"
    },
    {
      "data": {},
      "depth": 0,
      "entityRanges": [],
      "inlineStyleRanges": [],
      "key": 9,
      "text": "",
      "type": "unstyled"
    },
    {
      "data": {},
      "depth": 0,
      "entityRanges": [],
      "inlineStyleRanges": [],
      "key": 10,
      "text": "",
      "type": "unstyled"
    },
    {
      "data": {},
      "depth": 0,
      "entityRanges": [],
      "inlineStyleRanges": [],
      "key": 11,
      "text": "",
      "type": "unstyled"
    },
    {
      "data": {},
      "depth": 0,
      "entityRanges": [],
      "inlineStyleRanges": [],
      "key": 12,
      "text": "",
      "type": "unstyled"
    },
    {
      "data": {},
      "depth": 0,
      "entityRanges": [],
      "inlineStyleRanges": [],
      "key": 13,
      "text": "",
      "type": "unstyled"
    },
    {
      "data": {},
      "depth": 0,
      "entityRanges": [],
      "inlineStyleRanges": [],
      "key": 14,
      "text": "",
      "type": "unstyled"
    },
    {
      "data": {},
      "depth": 0,
      "entityRanges": [],
      "inlineStyleRanges": [],
      "key": 15,
      "text": "",
      "type": "unstyled"
    },
    {
      "data": {},
      "depth": 0,
      "entityRanges": [],
      "inlineStyleRanges": [],
      "key": 16,
      "text": "",
      "type": "unstyled"
    },
    {
      "data": {},
      "depth": 0,
      "entityRanges": [],
      "inlineStyleRanges": [],
      "key": 17,
      "text": "",
      "type": "unstyled"
    }
  ],
  "documentStyle": {},
  "entityMap": {}
};

exports[`plugin menu test > plugin menu > should render plugin menu with sections #0`] =
{
  "ID": "9fbd0d39-4ad7-494e-8de4-5c65eb8839d3",
  "blocks": [
    {
      "data": {},
      "depth": 0,
      "entityRanges": [],
      "inlineStyleRanges": [],
      "key": 0,
      "text": "",
      "type": "unstyled"
    },
    {
      "data": {},
      "depth": 0,
      "entityRanges": [],
      "inlineStyleRanges": [],
      "key": 1,
      "text": "",
      "type": "unstyled"
    },
    {
      "data": {},
      "depth": 0,
      "entityRanges": [],
      "inlineStyleRanges": [],
      "key": 2,
      "text": "",
      "type": "unstyled"
    },
    {
      "data": {},
      "depth": 0,
      "entityRanges": [],
      "inlineStyleRanges": [],
      "key": 3,
      "text": "",
      "type": "unstyled"
    },
    {
      "data": {},
      "depth": 0,
      "entityRanges": [],
      "inlineStyleRanges": [],
      "key": 4,
      "text": "",
      "type": "unstyled"
    },
    {
      "data": {},
      "depth": 0,
      "entityRanges": [],
      "inlineStyleRanges": [],
      "key": 5,
      "text": "",
      "type": "unstyled"
    },
    {
      "data": {},
      "depth": 0,
      "entityRanges": [],
      "inlineStyleRanges": [],
      "key": 6,
      "text": "",
      "type": "unstyled"
    },
    {
      "data": {},
      "depth": 0,
      "entityRanges": [],
      "inlineStyleRanges": [],
      "key": 7,
      "text": "",
      "type": "unstyled"
    },
    {
      "data": {},
      "depth": 0,
      "entityRanges": [],
      "inlineStyleRanges": [],
      "key": 8,
      "text": "",
      "type": "unstyled"
    },
    {
      "data": {},
      "depth": 0,
      "entityRanges": [],
      "inlineStyleRanges": [],
      "key": 9,
      "text": "",
      "type": "unstyled"
    },
    {
      "data": {},
      "depth": 0,
      "entityRanges": [],
      "inlineStyleRanges": [],
      "key": 10,
      "text": "",
      "type": "unstyled"
    },
    {
      "data": {},
      "depth": 0,
      "entityRanges": [],
      "inlineStyleRanges": [],
      "key": 11,
      "text": "",
      "type": "unstyled"
    },
    {
      "data": {},
      "depth": 0,
      "entityRanges": [],
      "inlineStyleRanges": [],
      "key": 12,
      "text": "",
      "type": "unstyled"
    },
    {
      "data": {},
      "depth": 0,
      "entityRanges": [],
      "inlineStyleRanges": [],
      "key": 13,
      "text": "",
      "type": "unstyled"
    },
    {
      "data": {},
      "depth": 0,
      "entityRanges": [],
      "inlineStyleRanges": [],
      "key": 14,
      "text": "",
      "type": "unstyled"
    },
    {
      "data": {},
      "depth": 0,
      "entityRanges": [],
      "inlineStyleRanges": [],
      "key": 15,
      "text": "",
      "type": "unstyled"
    },
    {
      "data": {},
      "depth": 0,
      "entityRanges": [],
      "inlineStyleRanges": [],
      "key": 16,
      "text": "",
      "type": "unstyled"
    },
    {
      "data": {},
      "depth": 0,
      "entityRanges": [],
      "inlineStyleRanges": [],
      "key": 17,
      "text": "",
      "type": "unstyled"
    }
  ],
  "documentStyle": {},
  "entityMap": {}
};

exports[`plugin menu test > plugin menu > should render plugin menu with sections & search #0`] =
{
  "ID": "e58c3a9d-426c-4d5e-984b-6713c9c5ebc5",
  "blocks": [
    {
      "data": {},
      "depth": 0,
      "entityRanges": [],
      "inlineStyleRanges": [],
      "key": 0,
      "text": "",
      "type": "unstyled"
    },
    {
      "data": {},
      "depth": 0,
      "entityRanges": [],
      "inlineStyleRanges": [],
      "key": 1,
      "text": "",
      "type": "unstyled"
    },
    {
      "data": {},
      "depth": 0,
      "entityRanges": [],
      "inlineStyleRanges": [],
      "key": 2,
      "text": "",
      "type": "unstyled"
    },
    {
      "data": {},
      "depth": 0,
      "entityRanges": [],
      "inlineStyleRanges": [],
      "key": 3,
      "text": "",
      "type": "unstyled"
    },
    {
      "data": {},
      "depth": 0,
      "entityRanges": [],
      "inlineStyleRanges": [],
      "key": 4,
      "text": "",
      "type": "unstyled"
    },
    {
      "data": {},
      "depth": 0,
      "entityRanges": [],
      "inlineStyleRanges": [],
      "key": 5,
      "text": "",
      "type": "unstyled"
    },
    {
      "data": {},
      "depth": 0,
      "entityRanges": [],
      "inlineStyleRanges": [],
      "key": 6,
      "text": "",
      "type": "unstyled"
    },
    {
      "data": {},
      "depth": 0,
      "entityRanges": [],
      "inlineStyleRanges": [],
      "key": 7,
      "text": "",
      "type": "unstyled"
    },
    {
      "data": {},
      "depth": 0,
      "entityRanges": [],
      "inlineStyleRanges": [],
      "key": 8,
      "text": "",
      "type": "unstyled"
    },
    {
      "data": {},
      "depth": 0,
      "entityRanges": [],
      "inlineStyleRanges": [],
      "key": 9,
      "text": "",
      "type": "unstyled"
    },
    {
      "data": {},
      "depth": 0,
      "entityRanges": [],
      "inlineStyleRanges": [],
      "key": 10,
      "text": "",
      "type": "unstyled"
    },
    {
      "data": {},
      "depth": 0,
      "entityRanges": [],
      "inlineStyleRanges": [],
      "key": 11,
      "text": "",
      "type": "unstyled"
    },
    {
      "data": {},
      "depth": 0,
      "entityRanges": [],
      "inlineStyleRanges": [],
      "key": 12,
      "text": "",
      "type": "unstyled"
    },
    {
      "data": {},
      "depth": 0,
      "entityRanges": [],
      "inlineStyleRanges": [],
      "key": 13,
      "text": "",
      "type": "unstyled"
    },
    {
      "data": {},
      "depth": 0,
      "entityRanges": [],
      "inlineStyleRanges": [],
      "key": 14,
      "text": "",
      "type": "unstyled"
    },
    {
      "data": {},
      "depth": 0,
      "entityRanges": [],
      "inlineStyleRanges": [],
      "key": 15,
      "text": "",
      "type": "unstyled"
    },
    {
      "data": {},
      "depth": 0,
      "entityRanges": [],
      "inlineStyleRanges": [],
      "key": 16,
      "text": "",
      "type": "unstyled"
    },
    {
      "data": {},
      "depth": 0,
      "entityRanges": [],
      "inlineStyleRanges": [],
      "key": 17,
      "text": "",
      "type": "unstyled"
    }
  ],
  "documentStyle": {},
  "entityMap": {}
};

exports[`side menu modals > open emoji modal from side menu #0`] =
{
  "ID": "439036e4-661c-4707-88e1-9b81d90b36ea",
  "blocks": [
    {
      "data": {},
      "depth": 0,
      "entityRanges": [],
      "inlineStyleRanges": [],
      "key": 0,
      "text": "",
      "type": "unstyled"
    },
    {
      "data": {},
      "depth": 0,
      "entityRanges": [],
      "inlineStyleRanges": [],
      "key": 1,
      "text": "",
      "type": "unstyled"
    },
    {
      "data": {},
      "depth": 0,
      "entityRanges": [],
      "inlineStyleRanges": [],
      "key": 2,
      "text": "",
      "type": "unstyled"
    },
    {
      "data": {},
      "depth": 0,
      "entityRanges": [],
      "inlineStyleRanges": [],
      "key": 3,
      "text": "",
      "type": "unstyled"
    },
    {
      "data": {},
      "depth": 0,
      "entityRanges": [],
      "inlineStyleRanges": [],
      "key": 4,
      "text": "",
      "type": "unstyled"
    },
    {
      "data": {},
      "depth": 0,
      "entityRanges": [],
      "inlineStyleRanges": [],
      "key": 5,
      "text": "",
      "type": "unstyled"
    },
    {
      "data": {},
      "depth": 0,
      "entityRanges": [],
      "inlineStyleRanges": [],
      "key": 6,
      "text": "",
      "type": "unstyled"
    },
    {
      "data": {},
      "depth": 0,
      "entityRanges": [],
      "inlineStyleRanges": [],
      "key": 7,
      "text": "",
      "type": "unstyled"
    },
    {
      "data": {},
      "depth": 0,
      "entityRanges": [],
      "inlineStyleRanges": [],
      "key": 8,
      "text": "",
      "type": "unstyled"
    },
    {
      "data": {},
      "depth": 0,
      "entityRanges": [],
      "inlineStyleRanges": [],
      "key": 9,
      "text": "",
      "type": "unstyled"
    },
    {
      "data": {},
      "depth": 0,
      "entityRanges": [],
      "inlineStyleRanges": [],
      "key": 10,
      "text": "",
      "type": "unstyled"
    },
    {
      "data": {},
      "depth": 0,
      "entityRanges": [],
      "inlineStyleRanges": [],
      "key": 11,
      "text": "",
      "type": "unstyled"
    },
    {
      "data": {},
      "depth": 0,
      "entityRanges": [],
      "inlineStyleRanges": [],
      "key": 12,
      "text": "",
      "type": "unstyled"
    },
    {
      "data": {},
      "depth": 0,
      "entityRanges": [],
      "inlineStyleRanges": [],
      "key": 13,
      "text": "",
      "type": "unstyled"
    },
    {
      "data": {},
      "depth": 0,
      "entityRanges": [],
      "inlineStyleRanges": [],
      "key": 14,
      "text": "",
      "type": "unstyled"
    },
    {
      "data": {},
      "depth": 0,
      "entityRanges": [],
      "inlineStyleRanges": [],
      "key": 15,
      "text": "",
      "type": "unstyled"
    },
    {
      "data": {},
      "depth": 0,
      "entityRanges": [],
      "inlineStyleRanges": [],
      "key": 16,
      "text": "",
      "type": "unstyled"
    },
    {
      "data": {},
      "depth": 0,
      "entityRanges": [],
      "inlineStyleRanges": [],
      "key": 17,
      "text": "",
      "type": "unstyled"
    }
  ],
  "documentStyle": {},
  "entityMap": {}
};

exports[`[draft] plugin menu test > [draft] plugin menu > should render horizontal plugin menu #0`] =
{
  "ID": "22aa5b2a-8850-4de9-bd4e-f224ee00199a",
  "blocks": [
    {
      "data": {},
      "depth": 0,
      "entityRanges": [],
      "inlineStyleRanges": [],
      "key": 0,
      "text": "",
      "type": "unstyled"
    },
    {
      "data": {},
      "depth": 0,
      "entityRanges": [],
      "inlineStyleRanges": [],
      "key": 1,
      "text": "",
      "type": "unstyled"
    },
    {
      "data": {},
      "depth": 0,
      "entityRanges": [],
      "inlineStyleRanges": [],
      "key": 2,
      "text": "",
      "type": "unstyled"
    },
    {
      "data": {},
      "depth": 0,
      "entityRanges": [],
      "inlineStyleRanges": [],
      "key": 3,
      "text": "",
      "type": "unstyled"
    },
    {
      "data": {},
      "depth": 0,
      "entityRanges": [],
      "inlineStyleRanges": [],
      "key": 4,
      "text": "",
      "type": "unstyled"
    },
    {
      "data": {},
      "depth": 0,
      "entityRanges": [],
      "inlineStyleRanges": [],
      "key": 5,
      "text": "",
      "type": "unstyled"
    },
    {
      "data": {},
      "depth": 0,
      "entityRanges": [],
      "inlineStyleRanges": [],
      "key": 6,
      "text": "",
      "type": "unstyled"
    },
    {
      "data": {},
      "depth": 0,
      "entityRanges": [],
      "inlineStyleRanges": [],
      "key": 7,
      "text": "",
      "type": "unstyled"
    },
    {
      "data": {},
      "depth": 0,
      "entityRanges": [],
      "inlineStyleRanges": [],
      "key": 8,
      "text": "",
      "type": "unstyled"
    },
    {
      "data": {},
      "depth": 0,
      "entityRanges": [],
      "inlineStyleRanges": [],
      "key": 9,
      "text": "",
      "type": "unstyled"
    },
    {
      "data": {},
      "depth": 0,
      "entityRanges": [],
      "inlineStyleRanges": [],
      "key": 10,
      "text": "",
      "type": "unstyled"
    },
    {
      "data": {},
      "depth": 0,
      "entityRanges": [],
      "inlineStyleRanges": [],
      "key": 11,
      "text": "",
      "type": "unstyled"
    },
    {
      "data": {},
      "depth": 0,
      "entityRanges": [],
      "inlineStyleRanges": [],
      "key": 12,
      "text": "",
      "type": "unstyled"
    },
    {
      "data": {},
      "depth": 0,
      "entityRanges": [],
      "inlineStyleRanges": [],
      "key": 13,
      "text": "",
      "type": "unstyled"
    },
    {
      "data": {},
      "depth": 0,
      "entityRanges": [],
      "inlineStyleRanges": [],
      "key": 14,
      "text": "",
      "type": "unstyled"
    },
    {
      "data": {},
      "depth": 0,
      "entityRanges": [],
      "inlineStyleRanges": [],
      "key": 15,
      "text": "",
      "type": "unstyled"
    },
    {
      "data": {},
      "depth": 0,
      "entityRanges": [],
      "inlineStyleRanges": [],
      "key": 16,
      "text": "",
      "type": "unstyled"
    },
    {
      "data": {},
      "depth": 0,
      "entityRanges": [],
      "inlineStyleRanges": [],
      "key": 17,
      "text": "",
      "type": "unstyled"
    }
  ],
  "documentStyle": {},
  "entityMap": {}
};

exports[`[draft] plugin menu test > [draft] plugin menu > should render plugin menu #0`] =
{
  "ID": "b9fb728f-4e02-4402-85ad-617b78dd7f8b",
  "blocks": [
    {
      "data": {},
      "depth": 0,
      "entityRanges": [],
      "inlineStyleRanges": [],
      "key": 0,
      "text": "",
      "type": "unstyled"
    },
    {
      "data": {},
      "depth": 0,
      "entityRanges": [],
      "inlineStyleRanges": [],
      "key": 1,
      "text": "",
      "type": "unstyled"
    },
    {
      "data": {},
      "depth": 0,
      "entityRanges": [],
      "inlineStyleRanges": [],
      "key": 2,
      "text": "",
      "type": "unstyled"
    },
    {
      "data": {},
      "depth": 0,
      "entityRanges": [],
      "inlineStyleRanges": [],
      "key": 3,
      "text": "",
      "type": "unstyled"
    },
    {
      "data": {},
      "depth": 0,
      "entityRanges": [],
      "inlineStyleRanges": [],
      "key": 4,
      "text": "",
      "type": "unstyled"
    },
    {
      "data": {},
      "depth": 0,
      "entityRanges": [],
      "inlineStyleRanges": [],
      "key": 5,
      "text": "",
      "type": "unstyled"
    },
    {
      "data": {},
      "depth": 0,
      "entityRanges": [],
      "inlineStyleRanges": [],
      "key": 6,
      "text": "",
      "type": "unstyled"
    },
    {
      "data": {},
      "depth": 0,
      "entityRanges": [],
      "inlineStyleRanges": [],
      "key": 7,
      "text": "",
      "type": "unstyled"
    },
    {
      "data": {},
      "depth": 0,
      "entityRanges": [],
      "inlineStyleRanges": [],
      "key": 8,
      "text": "",
      "type": "unstyled"
    },
    {
      "data": {},
      "depth": 0,
      "entityRanges": [],
      "inlineStyleRanges": [],
      "key": 9,
      "text": "",
      "type": "unstyled"
    },
    {
      "data": {},
      "depth": 0,
      "entityRanges": [],
      "inlineStyleRanges": [],
      "key": 10,
      "text": "",
      "type": "unstyled"
    },
    {
      "data": {},
      "depth": 0,
      "entityRanges": [],
      "inlineStyleRanges": [],
      "key": 11,
      "text": "",
      "type": "unstyled"
    },
    {
      "data": {},
      "depth": 0,
      "entityRanges": [],
      "inlineStyleRanges": [],
      "key": 12,
      "text": "",
      "type": "unstyled"
    },
    {
      "data": {},
      "depth": 0,
      "entityRanges": [],
      "inlineStyleRanges": [],
      "key": 13,
      "text": "",
      "type": "unstyled"
    },
    {
      "data": {},
      "depth": 0,
      "entityRanges": [],
      "inlineStyleRanges": [],
      "key": 14,
      "text": "",
      "type": "unstyled"
    },
    {
      "data": {},
      "depth": 0,
      "entityRanges": [],
      "inlineStyleRanges": [],
      "key": 15,
      "text": "",
      "type": "unstyled"
    },
    {
      "data": {},
      "depth": 0,
      "entityRanges": [],
      "inlineStyleRanges": [],
      "key": 16,
      "text": "",
      "type": "unstyled"
    },
    {
      "data": {},
      "depth": 0,
      "entityRanges": [],
      "inlineStyleRanges": [],
      "key": 17,
      "text": "",
      "type": "unstyled"
    }
  ],
  "documentStyle": {},
  "entityMap": {}
};

exports[`[draft] plugin menu test > [draft] plugin menu > should render plugin menu with search #0`] =
{
  "ID": "57d30a77-2678-4a51-9dd1-a5078f0babee",
  "blocks": [
    {
      "data": {},
      "depth": 0,
      "entityRanges": [],
      "inlineStyleRanges": [],
      "key": 0,
      "text": "",
      "type": "unstyled"
    },
    {
      "data": {},
      "depth": 0,
      "entityRanges": [],
      "inlineStyleRanges": [],
      "key": 1,
      "text": "",
      "type": "unstyled"
    },
    {
      "data": {},
      "depth": 0,
      "entityRanges": [],
      "inlineStyleRanges": [],
      "key": 2,
      "text": "",
      "type": "unstyled"
    },
    {
      "data": {},
      "depth": 0,
      "entityRanges": [],
      "inlineStyleRanges": [],
      "key": 3,
      "text": "",
      "type": "unstyled"
    },
    {
      "data": {},
      "depth": 0,
      "entityRanges": [],
      "inlineStyleRanges": [],
      "key": 4,
      "text": "",
      "type": "unstyled"
    },
    {
      "data": {},
      "depth": 0,
      "entityRanges": [],
      "inlineStyleRanges": [],
      "key": 5,
      "text": "",
      "type": "unstyled"
    },
    {
      "data": {},
      "depth": 0,
      "entityRanges": [],
      "inlineStyleRanges": [],
      "key": 6,
      "text": "",
      "type": "unstyled"
    },
    {
      "data": {},
      "depth": 0,
      "entityRanges": [],
      "inlineStyleRanges": [],
      "key": 7,
      "text": "",
      "type": "unstyled"
    },
    {
      "data": {},
      "depth": 0,
      "entityRanges": [],
      "inlineStyleRanges": [],
      "key": 8,
      "text": "",
      "type": "unstyled"
    },
    {
      "data": {},
      "depth": 0,
      "entityRanges": [],
      "inlineStyleRanges": [],
      "key": 9,
      "text": "",
      "type": "unstyled"
    },
    {
      "data": {},
      "depth": 0,
      "entityRanges": [],
      "inlineStyleRanges": [],
      "key": 10,
      "text": "",
      "type": "unstyled"
    },
    {
      "data": {},
      "depth": 0,
      "entityRanges": [],
      "inlineStyleRanges": [],
      "key": 11,
      "text": "",
      "type": "unstyled"
    },
    {
      "data": {},
      "depth": 0,
      "entityRanges": [],
      "inlineStyleRanges": [],
      "key": 12,
      "text": "",
      "type": "unstyled"
    },
    {
      "data": {},
      "depth": 0,
      "entityRanges": [],
      "inlineStyleRanges": [],
      "key": 13,
      "text": "",
      "type": "unstyled"
    },
    {
      "data": {},
      "depth": 0,
      "entityRanges": [],
      "inlineStyleRanges": [],
      "key": 14,
      "text": "",
      "type": "unstyled"
    },
    {
      "data": {},
      "depth": 0,
      "entityRanges": [],
      "inlineStyleRanges": [],
      "key": 15,
      "text": "",
      "type": "unstyled"
    },
    {
      "data": {},
      "depth": 0,
      "entityRanges": [],
      "inlineStyleRanges": [],
      "key": 16,
      "text": "",
      "type": "unstyled"
    },
    {
      "data": {},
      "depth": 0,
      "entityRanges": [],
      "inlineStyleRanges": [],
      "key": 17,
      "text": "",
      "type": "unstyled"
    }
  ],
  "documentStyle": {},
  "entityMap": {}
};

exports[`[draft] plugin menu test > [draft] plugin menu > should render plugin menu with sections #0`] =
{
  "ID": "f5d6ed90-84a4-4c9d-a213-1457fb196b58",
  "blocks": [
    {
      "data": {},
      "depth": 0,
      "entityRanges": [],
      "inlineStyleRanges": [],
      "key": 0,
      "text": "",
      "type": "unstyled"
    },
    {
      "data": {},
      "depth": 0,
      "entityRanges": [],
      "inlineStyleRanges": [],
      "key": 1,
      "text": "",
      "type": "unstyled"
    },
    {
      "data": {},
      "depth": 0,
      "entityRanges": [],
      "inlineStyleRanges": [],
      "key": 2,
      "text": "",
      "type": "unstyled"
    },
    {
      "data": {},
      "depth": 0,
      "entityRanges": [],
      "inlineStyleRanges": [],
      "key": 3,
      "text": "",
      "type": "unstyled"
    },
    {
      "data": {},
      "depth": 0,
      "entityRanges": [],
      "inlineStyleRanges": [],
      "key": 4,
      "text": "",
      "type": "unstyled"
    },
    {
      "data": {},
      "depth": 0,
      "entityRanges": [],
      "inlineStyleRanges": [],
      "key": 5,
      "text": "",
      "type": "unstyled"
    },
    {
      "data": {},
      "depth": 0,
      "entityRanges": [],
      "inlineStyleRanges": [],
      "key": 6,
      "text": "",
      "type": "unstyled"
    },
    {
      "data": {},
      "depth": 0,
      "entityRanges": [],
      "inlineStyleRanges": [],
      "key": 7,
      "text": "",
      "type": "unstyled"
    },
    {
      "data": {},
      "depth": 0,
      "entityRanges": [],
      "inlineStyleRanges": [],
      "key": 8,
      "text": "",
      "type": "unstyled"
    },
    {
      "data": {},
      "depth": 0,
      "entityRanges": [],
      "inlineStyleRanges": [],
      "key": 9,
      "text": "",
      "type": "unstyled"
    },
    {
      "data": {},
      "depth": 0,
      "entityRanges": [],
      "inlineStyleRanges": [],
      "key": 10,
      "text": "",
      "type": "unstyled"
    },
    {
      "data": {},
      "depth": 0,
      "entityRanges": [],
      "inlineStyleRanges": [],
      "key": 11,
      "text": "",
      "type": "unstyled"
    },
    {
      "data": {},
      "depth": 0,
      "entityRanges": [],
      "inlineStyleRanges": [],
      "key": 12,
      "text": "",
      "type": "unstyled"
    },
    {
      "data": {},
      "depth": 0,
      "entityRanges": [],
      "inlineStyleRanges": [],
      "key": 13,
      "text": "",
      "type": "unstyled"
    },
    {
      "data": {},
      "depth": 0,
      "entityRanges": [],
      "inlineStyleRanges": [],
      "key": 14,
      "text": "",
      "type": "unstyled"
    },
    {
      "data": {},
      "depth": 0,
      "entityRanges": [],
      "inlineStyleRanges": [],
      "key": 15,
      "text": "",
      "type": "unstyled"
    },
    {
      "data": {},
      "depth": 0,
      "entityRanges": [],
      "inlineStyleRanges": [],
      "key": 16,
      "text": "",
      "type": "unstyled"
    },
    {
      "data": {},
      "depth": 0,
      "entityRanges": [],
      "inlineStyleRanges": [],
      "key": 17,
      "text": "",
      "type": "unstyled"
    }
  ],
  "documentStyle": {},
  "entityMap": {}
};

exports[`[draft] plugin menu test > [draft] plugin menu > should render plugin menu with sections & search #0`] =
{
  "ID": "453f2901-7a8f-4429-88c4-e5de0c2bbad1",
  "blocks": [
    {
      "data": {},
      "depth": 0,
      "entityRanges": [],
      "inlineStyleRanges": [],
      "key": 0,
      "text": "",
      "type": "unstyled"
    },
    {
      "data": {},
      "depth": 0,
      "entityRanges": [],
      "inlineStyleRanges": [],
      "key": 1,
      "text": "",
      "type": "unstyled"
    },
    {
      "data": {},
      "depth": 0,
      "entityRanges": [],
      "inlineStyleRanges": [],
      "key": 2,
      "text": "",
      "type": "unstyled"
    },
    {
      "data": {},
      "depth": 0,
      "entityRanges": [],
      "inlineStyleRanges": [],
      "key": 3,
      "text": "",
      "type": "unstyled"
    },
    {
      "data": {},
      "depth": 0,
      "entityRanges": [],
      "inlineStyleRanges": [],
      "key": 4,
      "text": "",
      "type": "unstyled"
    },
    {
      "data": {},
      "depth": 0,
      "entityRanges": [],
      "inlineStyleRanges": [],
      "key": 5,
      "text": "",
      "type": "unstyled"
    },
    {
      "data": {},
      "depth": 0,
      "entityRanges": [],
      "inlineStyleRanges": [],
      "key": 6,
      "text": "",
      "type": "unstyled"
    },
    {
      "data": {},
      "depth": 0,
      "entityRanges": [],
      "inlineStyleRanges": [],
      "key": 7,
      "text": "",
      "type": "unstyled"
    },
    {
      "data": {},
      "depth": 0,
      "entityRanges": [],
      "inlineStyleRanges": [],
      "key": 8,
      "text": "",
      "type": "unstyled"
    },
    {
      "data": {},
      "depth": 0,
      "entityRanges": [],
      "inlineStyleRanges": [],
      "key": 9,
      "text": "",
      "type": "unstyled"
    },
    {
      "data": {},
      "depth": 0,
      "entityRanges": [],
      "inlineStyleRanges": [],
      "key": 10,
      "text": "",
      "type": "unstyled"
    },
    {
      "data": {},
      "depth": 0,
      "entityRanges": [],
      "inlineStyleRanges": [],
      "key": 11,
      "text": "",
      "type": "unstyled"
    },
    {
      "data": {},
      "depth": 0,
      "entityRanges": [],
      "inlineStyleRanges": [],
      "key": 12,
      "text": "",
      "type": "unstyled"
    },
    {
      "data": {},
      "depth": 0,
      "entityRanges": [],
      "inlineStyleRanges": [],
      "key": 13,
      "text": "",
      "type": "unstyled"
    },
    {
      "data": {},
      "depth": 0,
      "entityRanges": [],
      "inlineStyleRanges": [],
      "key": 14,
      "text": "",
      "type": "unstyled"
    },
    {
      "data": {},
      "depth": 0,
      "entityRanges": [],
      "inlineStyleRanges": [],
      "key": 15,
      "text": "",
      "type": "unstyled"
    },
    {
      "data": {},
      "depth": 0,
      "entityRanges": [],
      "inlineStyleRanges": [],
      "key": 16,
      "text": "",
      "type": "unstyled"
    },
    {
      "data": {},
      "depth": 0,
      "entityRanges": [],
      "inlineStyleRanges": [],
      "key": 17,
      "text": "",
      "type": "unstyled"
    }
  ],
  "documentStyle": {},
  "entityMap": {}
};

exports[`[draft] plugin menu test > [draft] plugin menu > [draft] should render horizontal plugin menu #0`] =
{
  "ID": "2c945fd6-d171-4860-9cb1-cd54f3812e2f",
  "blocks": [
    {
      "data": {},
      "depth": 0,
      "entityRanges": [],
      "inlineStyleRanges": [],
      "key": 0,
      "text": "",
      "type": "unstyled"
    },
    {
      "data": {},
      "depth": 0,
      "entityRanges": [],
      "inlineStyleRanges": [],
      "key": 1,
      "text": "",
      "type": "unstyled"
    },
    {
      "data": {},
      "depth": 0,
      "entityRanges": [],
      "inlineStyleRanges": [],
      "key": 2,
      "text": "",
      "type": "unstyled"
    },
    {
      "data": {},
      "depth": 0,
      "entityRanges": [],
      "inlineStyleRanges": [],
      "key": 3,
      "text": "",
      "type": "unstyled"
    },
    {
      "data": {},
      "depth": 0,
      "entityRanges": [],
      "inlineStyleRanges": [],
      "key": 4,
      "text": "",
      "type": "unstyled"
    },
    {
      "data": {},
      "depth": 0,
      "entityRanges": [],
      "inlineStyleRanges": [],
      "key": 5,
      "text": "",
      "type": "unstyled"
    },
    {
      "data": {},
      "depth": 0,
      "entityRanges": [],
      "inlineStyleRanges": [],
      "key": 6,
      "text": "",
      "type": "unstyled"
    },
    {
      "data": {},
      "depth": 0,
      "entityRanges": [],
      "inlineStyleRanges": [],
      "key": 7,
      "text": "",
      "type": "unstyled"
    },
    {
      "data": {},
      "depth": 0,
      "entityRanges": [],
      "inlineStyleRanges": [],
      "key": 8,
      "text": "",
      "type": "unstyled"
    },
    {
      "data": {},
      "depth": 0,
      "entityRanges": [],
      "inlineStyleRanges": [],
      "key": 9,
      "text": "",
      "type": "unstyled"
    },
    {
      "data": {},
      "depth": 0,
      "entityRanges": [],
      "inlineStyleRanges": [],
      "key": 10,
      "text": "",
      "type": "unstyled"
    },
    {
      "data": {},
      "depth": 0,
      "entityRanges": [],
      "inlineStyleRanges": [],
      "key": 11,
      "text": "",
      "type": "unstyled"
    },
    {
      "data": {},
      "depth": 0,
      "entityRanges": [],
      "inlineStyleRanges": [],
      "key": 12,
      "text": "",
      "type": "unstyled"
    },
    {
      "data": {},
      "depth": 0,
      "entityRanges": [],
      "inlineStyleRanges": [],
      "key": 13,
      "text": "",
      "type": "unstyled"
    },
    {
      "data": {},
      "depth": 0,
      "entityRanges": [],
      "inlineStyleRanges": [],
      "key": 14,
      "text": "",
      "type": "unstyled"
    },
    {
      "data": {},
      "depth": 0,
      "entityRanges": [],
      "inlineStyleRanges": [],
      "key": 15,
      "text": "",
      "type": "unstyled"
    },
    {
      "data": {},
      "depth": 0,
      "entityRanges": [],
      "inlineStyleRanges": [],
      "key": 16,
      "text": "",
      "type": "unstyled"
    },
    {
      "data": {},
      "depth": 0,
      "entityRanges": [],
      "inlineStyleRanges": [],
      "key": 17,
      "text": "",
      "type": "unstyled"
    }
  ],
  "documentStyle": {},
  "entityMap": {}
};

exports[`[draft] plugin menu test > [draft] plugin menu > [draft] should render plugin menu #0`] =
{
  "ID": "89c5e2b5-f05c-40cb-90b0-bb6b2936c40a",
  "blocks": [
    {
      "data": {},
      "depth": 0,
      "entityRanges": [],
      "inlineStyleRanges": [],
      "key": 0,
      "text": "",
      "type": "unstyled"
    },
    {
      "data": {},
      "depth": 0,
      "entityRanges": [],
      "inlineStyleRanges": [],
      "key": 1,
      "text": "",
      "type": "unstyled"
    },
    {
      "data": {},
      "depth": 0,
      "entityRanges": [],
      "inlineStyleRanges": [],
      "key": 2,
      "text": "",
      "type": "unstyled"
    },
    {
      "data": {},
      "depth": 0,
      "entityRanges": [],
      "inlineStyleRanges": [],
      "key": 3,
      "text": "",
      "type": "unstyled"
    },
    {
      "data": {},
      "depth": 0,
      "entityRanges": [],
      "inlineStyleRanges": [],
      "key": 4,
      "text": "",
      "type": "unstyled"
    },
    {
      "data": {},
      "depth": 0,
      "entityRanges": [],
      "inlineStyleRanges": [],
      "key": 5,
      "text": "",
      "type": "unstyled"
    },
    {
      "data": {},
      "depth": 0,
      "entityRanges": [],
      "inlineStyleRanges": [],
      "key": 6,
      "text": "",
      "type": "unstyled"
    },
    {
      "data": {},
      "depth": 0,
      "entityRanges": [],
      "inlineStyleRanges": [],
      "key": 7,
      "text": "",
      "type": "unstyled"
    },
    {
      "data": {},
      "depth": 0,
      "entityRanges": [],
      "inlineStyleRanges": [],
      "key": 8,
      "text": "",
      "type": "unstyled"
    },
    {
      "data": {},
      "depth": 0,
      "entityRanges": [],
      "inlineStyleRanges": [],
      "key": 9,
      "text": "",
      "type": "unstyled"
    },
    {
      "data": {},
      "depth": 0,
      "entityRanges": [],
      "inlineStyleRanges": [],
      "key": 10,
      "text": "",
      "type": "unstyled"
    },
    {
      "data": {},
      "depth": 0,
      "entityRanges": [],
      "inlineStyleRanges": [],
      "key": 11,
      "text": "",
      "type": "unstyled"
    },
    {
      "data": {},
      "depth": 0,
      "entityRanges": [],
      "inlineStyleRanges": [],
      "key": 12,
      "text": "",
      "type": "unstyled"
    },
    {
      "data": {},
      "depth": 0,
      "entityRanges": [],
      "inlineStyleRanges": [],
      "key": 13,
      "text": "",
      "type": "unstyled"
    },
    {
      "data": {},
      "depth": 0,
      "entityRanges": [],
      "inlineStyleRanges": [],
      "key": 14,
      "text": "",
      "type": "unstyled"
    },
    {
      "data": {},
      "depth": 0,
      "entityRanges": [],
      "inlineStyleRanges": [],
      "key": 15,
      "text": "",
      "type": "unstyled"
    },
    {
      "data": {},
      "depth": 0,
      "entityRanges": [],
      "inlineStyleRanges": [],
      "key": 16,
      "text": "",
      "type": "unstyled"
    },
    {
      "data": {},
      "depth": 0,
      "entityRanges": [],
      "inlineStyleRanges": [],
      "key": 17,
      "text": "",
      "type": "unstyled"
    }
  ],
  "documentStyle": {},
  "entityMap": {}
};

exports[`[draft] plugin menu test > [draft] plugin menu > [draft] should render plugin menu with search #0`] =
{
  "ID": "ed414e6a-79fc-41d5-adca-f7ba1dedb1a8",
  "blocks": [
    {
      "data": {},
      "depth": 0,
      "entityRanges": [],
      "inlineStyleRanges": [],
      "key": 0,
      "text": "",
      "type": "unstyled"
    },
    {
      "data": {},
      "depth": 0,
      "entityRanges": [],
      "inlineStyleRanges": [],
      "key": 1,
      "text": "",
      "type": "unstyled"
    },
    {
      "data": {},
      "depth": 0,
      "entityRanges": [],
      "inlineStyleRanges": [],
      "key": 2,
      "text": "",
      "type": "unstyled"
    },
    {
      "data": {},
      "depth": 0,
      "entityRanges": [],
      "inlineStyleRanges": [],
      "key": 3,
      "text": "",
      "type": "unstyled"
    },
    {
      "data": {},
      "depth": 0,
      "entityRanges": [],
      "inlineStyleRanges": [],
      "key": 4,
      "text": "",
      "type": "unstyled"
    },
    {
      "data": {},
      "depth": 0,
      "entityRanges": [],
      "inlineStyleRanges": [],
      "key": 5,
      "text": "",
      "type": "unstyled"
    },
    {
      "data": {},
      "depth": 0,
      "entityRanges": [],
      "inlineStyleRanges": [],
      "key": 6,
      "text": "",
      "type": "unstyled"
    },
    {
      "data": {},
      "depth": 0,
      "entityRanges": [],
      "inlineStyleRanges": [],
      "key": 7,
      "text": "",
      "type": "unstyled"
    },
    {
      "data": {},
      "depth": 0,
      "entityRanges": [],
      "inlineStyleRanges": [],
      "key": 8,
      "text": "",
      "type": "unstyled"
    },
    {
      "data": {},
      "depth": 0,
      "entityRanges": [],
      "inlineStyleRanges": [],
      "key": 9,
      "text": "",
      "type": "unstyled"
    },
    {
      "data": {},
      "depth": 0,
      "entityRanges": [],
      "inlineStyleRanges": [],
      "key": 10,
      "text": "",
      "type": "unstyled"
    },
    {
      "data": {},
      "depth": 0,
      "entityRanges": [],
      "inlineStyleRanges": [],
      "key": 11,
      "text": "",
      "type": "unstyled"
    },
    {
      "data": {},
      "depth": 0,
      "entityRanges": [],
      "inlineStyleRanges": [],
      "key": 12,
      "text": "",
      "type": "unstyled"
    },
    {
      "data": {},
      "depth": 0,
      "entityRanges": [],
      "inlineStyleRanges": [],
      "key": 13,
      "text": "",
      "type": "unstyled"
    },
    {
      "data": {},
      "depth": 0,
      "entityRanges": [],
      "inlineStyleRanges": [],
      "key": 14,
      "text": "",
      "type": "unstyled"
    },
    {
      "data": {},
      "depth": 0,
      "entityRanges": [],
      "inlineStyleRanges": [],
      "key": 15,
      "text": "",
      "type": "unstyled"
    },
    {
      "data": {},
      "depth": 0,
      "entityRanges": [],
      "inlineStyleRanges": [],
      "key": 16,
      "text": "",
      "type": "unstyled"
    },
    {
      "data": {},
      "depth": 0,
      "entityRanges": [],
      "inlineStyleRanges": [],
      "key": 17,
      "text": "",
      "type": "unstyled"
    }
  ],
  "documentStyle": {},
  "entityMap": {}
};

exports[`[draft] plugin menu test > [draft] plugin menu > [draft] should render plugin menu with sections #0`] =
{
  "ID": "1998673b-2848-4d9b-b588-427d5c4b5c0e",
  "blocks": [
    {
      "data": {},
      "depth": 0,
      "entityRanges": [],
      "inlineStyleRanges": [],
      "key": 0,
      "text": "",
      "type": "unstyled"
    },
    {
      "data": {},
      "depth": 0,
      "entityRanges": [],
      "inlineStyleRanges": [],
      "key": 1,
      "text": "",
      "type": "unstyled"
    },
    {
      "data": {},
      "depth": 0,
      "entityRanges": [],
      "inlineStyleRanges": [],
      "key": 2,
      "text": "",
      "type": "unstyled"
    },
    {
      "data": {},
      "depth": 0,
      "entityRanges": [],
      "inlineStyleRanges": [],
      "key": 3,
      "text": "",
      "type": "unstyled"
    },
    {
      "data": {},
      "depth": 0,
      "entityRanges": [],
      "inlineStyleRanges": [],
      "key": 4,
      "text": "",
      "type": "unstyled"
    },
    {
      "data": {},
      "depth": 0,
      "entityRanges": [],
      "inlineStyleRanges": [],
      "key": 5,
      "text": "",
      "type": "unstyled"
    },
    {
      "data": {},
      "depth": 0,
      "entityRanges": [],
      "inlineStyleRanges": [],
      "key": 6,
      "text": "",
      "type": "unstyled"
    },
    {
      "data": {},
      "depth": 0,
      "entityRanges": [],
      "inlineStyleRanges": [],
      "key": 7,
      "text": "",
      "type": "unstyled"
    },
    {
      "data": {},
      "depth": 0,
      "entityRanges": [],
      "inlineStyleRanges": [],
      "key": 8,
      "text": "",
      "type": "unstyled"
    },
    {
      "data": {},
      "depth": 0,
      "entityRanges": [],
      "inlineStyleRanges": [],
      "key": 9,
      "text": "",
      "type": "unstyled"
    },
    {
      "data": {},
      "depth": 0,
      "entityRanges": [],
      "inlineStyleRanges": [],
      "key": 10,
      "text": "",
      "type": "unstyled"
    },
    {
      "data": {},
      "depth": 0,
      "entityRanges": [],
      "inlineStyleRanges": [],
      "key": 11,
      "text": "",
      "type": "unstyled"
    },
    {
      "data": {},
      "depth": 0,
      "entityRanges": [],
      "inlineStyleRanges": [],
      "key": 12,
      "text": "",
      "type": "unstyled"
    },
    {
      "data": {},
      "depth": 0,
      "entityRanges": [],
      "inlineStyleRanges": [],
      "key": 13,
      "text": "",
      "type": "unstyled"
    },
    {
      "data": {},
      "depth": 0,
      "entityRanges": [],
      "inlineStyleRanges": [],
      "key": 14,
      "text": "",
      "type": "unstyled"
    },
    {
      "data": {},
      "depth": 0,
      "entityRanges": [],
      "inlineStyleRanges": [],
      "key": 15,
      "text": "",
      "type": "unstyled"
    },
    {
      "data": {},
      "depth": 0,
      "entityRanges": [],
      "inlineStyleRanges": [],
      "key": 16,
      "text": "",
      "type": "unstyled"
    },
    {
      "data": {},
      "depth": 0,
      "entityRanges": [],
      "inlineStyleRanges": [],
      "key": 17,
      "text": "",
      "type": "unstyled"
    }
  ],
  "documentStyle": {},
  "entityMap": {}
};

exports[`[draft] plugin menu test > [draft] plugin menu > [draft] should render plugin menu with sections & search #0`] =
{
  "ID": "3a087476-a1c5-4850-9ce8-182072f2455e",
  "blocks": [
    {
      "data": {},
      "depth": 0,
      "entityRanges": [],
      "inlineStyleRanges": [],
      "key": 0,
      "text": "",
      "type": "unstyled"
    },
    {
      "data": {},
      "depth": 0,
      "entityRanges": [],
      "inlineStyleRanges": [],
      "key": 1,
      "text": "",
      "type": "unstyled"
    },
    {
      "data": {},
      "depth": 0,
      "entityRanges": [],
      "inlineStyleRanges": [],
      "key": 2,
      "text": "",
      "type": "unstyled"
    },
    {
      "data": {},
      "depth": 0,
      "entityRanges": [],
      "inlineStyleRanges": [],
      "key": 3,
      "text": "",
      "type": "unstyled"
    },
    {
      "data": {},
      "depth": 0,
      "entityRanges": [],
      "inlineStyleRanges": [],
      "key": 4,
      "text": "",
      "type": "unstyled"
    },
    {
      "data": {},
      "depth": 0,
      "entityRanges": [],
      "inlineStyleRanges": [],
      "key": 5,
      "text": "",
      "type": "unstyled"
    },
    {
      "data": {},
      "depth": 0,
      "entityRanges": [],
      "inlineStyleRanges": [],
      "key": 6,
      "text": "",
      "type": "unstyled"
    },
    {
      "data": {},
      "depth": 0,
      "entityRanges": [],
      "inlineStyleRanges": [],
      "key": 7,
      "text": "",
      "type": "unstyled"
    },
    {
      "data": {},
      "depth": 0,
      "entityRanges": [],
      "inlineStyleRanges": [],
      "key": 8,
      "text": "",
      "type": "unstyled"
    },
    {
      "data": {},
      "depth": 0,
      "entityRanges": [],
      "inlineStyleRanges": [],
      "key": 9,
      "text": "",
      "type": "unstyled"
    },
    {
      "data": {},
      "depth": 0,
      "entityRanges": [],
      "inlineStyleRanges": [],
      "key": 10,
      "text": "",
      "type": "unstyled"
    },
    {
      "data": {},
      "depth": 0,
      "entityRanges": [],
      "inlineStyleRanges": [],
      "key": 11,
      "text": "",
      "type": "unstyled"
    },
    {
      "data": {},
      "depth": 0,
      "entityRanges": [],
      "inlineStyleRanges": [],
      "key": 12,
      "text": "",
      "type": "unstyled"
    },
    {
      "data": {},
      "depth": 0,
      "entityRanges": [],
      "inlineStyleRanges": [],
      "key": 13,
      "text": "",
      "type": "unstyled"
    },
    {
      "data": {},
      "depth": 0,
      "entityRanges": [],
      "inlineStyleRanges": [],
      "key": 14,
      "text": "",
      "type": "unstyled"
    },
    {
      "data": {},
      "depth": 0,
      "entityRanges": [],
      "inlineStyleRanges": [],
      "key": 15,
      "text": "",
      "type": "unstyled"
    },
    {
      "data": {},
      "depth": 0,
      "entityRanges": [],
      "inlineStyleRanges": [],
      "key": 16,
      "text": "",
      "type": "unstyled"
    },
    {
      "data": {},
      "depth": 0,
      "entityRanges": [],
      "inlineStyleRanges": [],
      "key": 17,
      "text": "",
      "type": "unstyled"
    }
  ],
  "documentStyle": {},
  "entityMap": {}
};

exports[`[draft] side menu modals > [draft] open emoji modal from side menu #0`] =
{
  "ID": "b890fe21-6b2e-4417-ae92-70b9c3506b14",
  "blocks": [
    {
      "data": {},
      "depth": 0,
      "entityRanges": [],
      "inlineStyleRanges": [],
      "key": 0,
      "text": "",
      "type": "unstyled"
    },
    {
      "data": {},
      "depth": 0,
      "entityRanges": [],
      "inlineStyleRanges": [],
      "key": 1,
      "text": "",
      "type": "unstyled"
    },
    {
      "data": {},
      "depth": 0,
      "entityRanges": [],
      "inlineStyleRanges": [],
      "key": 2,
      "text": "",
      "type": "unstyled"
    },
    {
      "data": {},
      "depth": 0,
      "entityRanges": [],
      "inlineStyleRanges": [],
      "key": 3,
      "text": "",
      "type": "unstyled"
    },
    {
      "data": {},
      "depth": 0,
      "entityRanges": [],
      "inlineStyleRanges": [],
      "key": 4,
      "text": "",
      "type": "unstyled"
    },
    {
      "data": {},
      "depth": 0,
      "entityRanges": [],
      "inlineStyleRanges": [],
      "key": 5,
      "text": "",
      "type": "unstyled"
    },
    {
      "data": {},
      "depth": 0,
      "entityRanges": [],
      "inlineStyleRanges": [],
      "key": 6,
      "text": "",
      "type": "unstyled"
    },
    {
      "data": {},
      "depth": 0,
      "entityRanges": [],
      "inlineStyleRanges": [],
      "key": 7,
      "text": "",
      "type": "unstyled"
    },
    {
      "data": {},
      "depth": 0,
      "entityRanges": [],
      "inlineStyleRanges": [],
      "key": 8,
      "text": "",
      "type": "unstyled"
    },
    {
      "data": {},
      "depth": 0,
      "entityRanges": [],
      "inlineStyleRanges": [],
      "key": 9,
      "text": "",
      "type": "unstyled"
    },
    {
      "data": {},
      "depth": 0,
      "entityRanges": [],
      "inlineStyleRanges": [],
      "key": 10,
      "text": "",
      "type": "unstyled"
    },
    {
      "data": {},
      "depth": 0,
      "entityRanges": [],
      "inlineStyleRanges": [],
      "key": 11,
      "text": "",
      "type": "unstyled"
    },
    {
      "data": {},
      "depth": 0,
      "entityRanges": [],
      "inlineStyleRanges": [],
      "key": 12,
      "text": "",
      "type": "unstyled"
    },
    {
      "data": {},
      "depth": 0,
      "entityRanges": [],
      "inlineStyleRanges": [],
      "key": 13,
      "text": "",
      "type": "unstyled"
    },
    {
      "data": {},
      "depth": 0,
      "entityRanges": [],
      "inlineStyleRanges": [],
      "key": 14,
      "text": "",
      "type": "unstyled"
    },
    {
      "data": {},
      "depth": 0,
      "entityRanges": [],
      "inlineStyleRanges": [],
      "key": 15,
      "text": "",
      "type": "unstyled"
    },
    {
      "data": {},
      "depth": 0,
      "entityRanges": [],
      "inlineStyleRanges": [],
      "key": 16,
      "text": "",
      "type": "unstyled"
    },
    {
      "data": {},
      "depth": 0,
      "entityRanges": [],
      "inlineStyleRanges": [],
      "key": 17,
      "text": "",
      "type": "unstyled"
    }
  ],
  "documentStyle": {},
  "entityMap": {}
};
